
===============================================
Suite
Total tests run: 1, Passes: 0, Failures: 1, Skips: 0
===============================================

